env: load .env
env: export EXPO_PUBLIC_SUPABASE_URL EXPO_PUBLIC_SUPABASE_ANON_KEY
Starting Metro Bundler
warning: Bundler cache is empty, rebuilding (this may take a minute)
| [BabelConfig] react-native-worklets-core search paths: [
|   [32m'D:\\DDNS\\vibe\\node_modules'[39m,
|   [32m'D:\\DDNS\\node_modules'[39m,
|   [32m'D:\\node_modules'[39m,
|   [32m'C:\\Users\\Owner\\.node_modules'[39m,
|   [32m'C:\\Users\\Owner\\.node_libraries'[39m,
|   [32m'C:\\Program Files\\nodejs\\lib\\node'[39m
| ]
| [BabelConfig] react-native-worklets-core resolved to: D:\DDNS\vibe\node_modules\react-native-worklets-core\lib\commonjs\index.js
Web Bundling failed 1845ms index.ts (1 module)
node.exe : 
SyntaxError: 
index.ts: [BABEL] D:\D
DNS\vibe\index.ts: 
Cannot find module 're
act-native-worklets/pl
ugin'
At line:1 char:1
+ & "C:\Program Files\
nodejs/node.exe" 
"C:\Program 
Files\nodejs/node_mo 
...
+ ~~~~~~~~~~~~~~~~~~~~
~~~~~~~~~~~~~~~~~~~~~~
~~~~~~~~~~~~~~~~~~~~~~
~~~~~
    + CategoryInfo    
          : NotSpeci  
  fied: (SyntaxErro   
 r: in...orklets/p    
lugin':String) []    
, RemoteException
    + FullyQualifiedE 
   rrorId : NativeCo  
  mmandError
 
Require stack:
- D:\DDNS\vibe\node_mo
dules\@babel\core\lib\
config\files\plugins.j
s
- D:\DDNS\vibe\node_mo
dules\@babel\core\lib\
config\files\index.js
- D:\DDNS\vibe\node_mo
dules\@babel\core\lib\
index.js
- D:\DDNS\vibe\node_mo
dules\metro-transform-
worker\src\index.js
- D:\DDNS\vibe\node_mo
dules\react-native-css
-interop\dist\metro\tr
ansformer.js
- D:\DDNS\vibe\node_mo
dules\metro\src\DeltaB
undler\Worker.flow.js
- D:\DDNS\vibe\node_mo
dules\metro\src\DeltaB
undler\Worker.js
- D:\DDNS\vibe\node_mo
dules\metro\node_modul
es\jest-worker\build\w
orkers\processChild.js

Make sure that all 
the Babel plugins and 
presets you are using
are defined as 
dependencies or 
devDependencies in 
your package.json
file. It's possible 
that the missing 
plugin is loaded by a 
preset
you are using that 
forgot to add the 
plugin to its 
dependencies: you
can workaround this 
problem by explicitly 
adding the missing 
package
to your top-level 
package.json.

